node.exe : Route 
file "C:/Users/anayp/
Documents/CS 1060/HW7
/noteai-project/front
end/src/routes/__test
s__/AgentOutputs.test
.tsx" does not 
contain any route 
piece. This is 
likely a mistake.
At line:1 char:1
+ & "C:\Program Files
\nodejs/node.exe" 
"C:\Program 
Files\nodejs/node_mo 
...
+ ~~~~~~~~~~~~~~~~~~~
~~~~~~~~~~~~~~~~~~~~~
~~~~~~~~~~~~~~~~~~~~~
~~~~~~~~
    + CategoryInfo   
           : NotSpe  
  cified: (Route f   
 ile "C:/...kely     
a mistake.:Strin    
g) [], RemoteExc    
eption
    + FullyQualified 
   ErrorId : Native  
  CommandError
 

[1m[46m RUN [49m[22m [36mv4.0.13 [39m[90mC:/Users/anayp/Documents/CS 1060/HW7/noteai-project/frontend[39m

 [31mΓ¥»[39m src/components/layout/__tests__/Footer.test.tsx [2m([22m[2m1 test[22m[2m | [22m[31m1 failed[39m[2m)[22m[32m 64[2mms[22m[39m
[31m     [31m├ù[31m renders all 9 navigation links[39m[32m 63[2mms[22m[39m

[31mΓÄ»ΓÄ»ΓÄ»ΓÄ»ΓÄ»Γ
Ä»ΓÄ»[39m[1m[41m 
Failed Tests 1 [49m
[22m[31mΓÄ»ΓÄ»ΓÄ»ΓÄ»
ΓÄ»ΓÄ»ΓÄ»[39m

[41m[1m FAIL 
[22m[49m src/compon
ents/layout/__tests__
/Footer.test.tsx[2m 
> [22mFooter 
Component[2m > 
[22mrenders all 9 
navigation links
[31m[1mTestingLibra
ryElementError[22m: 
Unable to find an 
element with the 
text: Features. This 
could be because the 
text is broken up by 
multiple elements. 
In this case, you 
can provide a 
function for your 
text matcher to make 
your matcher more 
flexible.

Ignored nodes: 
comments, script, 
style
[36m<body>[31m
  [36m<div />[31m
[36m</body>[31m[39
m
[90m [2mΓ¥»[22m Ob
ject.getElementError 
node_modules/@testing
-library/dom/dist/con
fig.js:[2m37:19[22m
[39m
[90m [2mΓ¥»[22m no
de_modules/@testing-l
ibrary/dom/dist/query
-helpers.js:[2m76:38
[22m[39m
[90m [2mΓ¥»[22m no
de_modules/@testing-l
ibrary/dom/dist/query
-helpers.js:[2m52:17
[22m[39m
[90m [2mΓ¥»[22m no
de_modules/@testing-l
ibrary/dom/dist/query
-helpers.js:[2m95:19
[22m[39m
[36m [2mΓ¥»[22m sr
c/components/layout/_
_tests__/Footer.test.
tsx:[2m40:33[22m[3
9m
    [90m 38| [39m
    [90m 39| [39m  
      links[33m.[39
m[34mforEach[39m(li
nkText [33m=>[39m {
    [90m 40| [39m  
          
[35mconst[39m link 
[33m=[39m screen[3
3m.[39m[34mgetByTex
t[39m(linkText)[33m
;[39m
    [90m   | [39m  
                     
         [31m^[39m
    [90m 41| [39m  
          [34mexpect
[39m(link)[33m.[39
m[34mtoBeInTheDocume
nt[39m()[33m;[39m
    [90m 42| [39m  
          // Verify 
it's an anchor tag 
(or Link component 
rendering ΓÇª
[90m [2mΓ¥»[22m sr
c/components/layout/_
_tests__/Footer.test.
tsx:[2m39:15[22m[3
9m

[31m[2mΓÄ»ΓÄ»ΓÄ»ΓÄ»
ΓÄ»ΓÄ»ΓÄ»ΓÄ»ΓÄ»ΓÄ»ΓÄ»
ΓÄ»ΓÄ»ΓÄ»ΓÄ»ΓÄ»ΓÄ»ΓÄ»
ΓÄ»ΓÄ»ΓÄ»ΓÄ»ΓÄ»ΓÄ»[1/
1]ΓÄ»[22m[39m


[2m Test Files [22m [1m[31m1 failed[39m[22m[90m (1)[39m
[2m      Tests [22m [1m[31m1 failed[39m[22m[90m (1)[39m
[2m   Start at [22m 17:27:46
[2m   Duration [22m 1.58s[2m (transform 93ms, setup 0ms, collect 531ms, tests 64ms, environment 787ms, prepare 8ms)[22m

